[ {
  "id" : "0a1b2c3d-4e5f-6071-8293-a4b5c6d7e8f9",
  "requirement" : "ALTERNATIVE",
  "displayName" : "Cookie",
  "requirementChoices" : [ "REQUIRED", "ALTERNATIVE", "DISABLED" ],
  "configurable" : false,
  "providerId" : "auth-cookie",
  "level" : 0,
  "priority" : 10,
  "index" : 0
}, {
  "id" : "1b2c3d4e-5f60-7182-93a4-b5c6d7e8f90a",
  "requirement" : "DISABLED",
  "displayName" : "Kerberos",
  "requirementChoices" : [ "REQUIRED", "ALTERNATIVE", "DISABLED" ],
  "configurable" : false,
  "providerId" : "auth-spnego",
  "level" : 0,
  "priority" : 20,
  "index" : 1
}, {
  "id" : "2c3d4e5f-6071-8293-a4b5-c6d7e8f90a1b",
  "requirement" : "ALTERNATIVE",
  "displayName" : "Identity Provider Redirector",
  "requirementChoices" : [ "REQUIRED", "ALTERNATIVE", "DISABLED" ],
  "configurable" : true,
  "providerId" : "identity-provider-redirector",
  "level" : 0,
  "priority" : 25,
  "index" : 2
}, {
  "id" : "3d4e5f60-7182-93a4-b5c6-d7e8f90a1b2c",
  "requirement" : "ALTERNATIVE",
  "displayName" : "Organization",
  "requirementChoices" : [ "REQUIRED", "ALTERNATIVE", "DISABLED", "CONDITIONAL" ],
  "configurable" : false,
  "authenticationFlow" : true,
  "flowId" : "4e5f6071-8293-a4b5-c6d7-e8f90a1b2c3d",
  "level" : 0,
  "priority" : 26,
  "index" : 3
}, {
  "id" : "5f607182-93a4-b5c6-d7e8-f90a1b2c3d4e",
  "requirement" : "CONDITIONAL",
  "displayName" : "Browser - Conditional Organization",
  "description" : "Flow to determine if the organization identity-first login is to be used",
  "requirementChoices" : [ "REQUIRED", "ALTERNATIVE", "DISABLED", "CONDITIONAL" ],
  "configurable" : false,
  "authenticationFlow" : true,
  "flowId" : "60718293-a4b5-c6d7-e8f9-0a1b2c3d4e5f",
  "level" : 1,
  "priority" : 10,
  "index" : 0
}, {
  "id" : "718293a4-b5c6-d7e8-f90a-1b2c3d4e5f60",
  "requirement" : "REQUIRED",
  "displayName" : "Condition - user configured",
  "requirementChoices" : [ "REQUIRED", "DISABLED" ],
  "configurable" : true,
  "providerId" : "conditional-user-configured",
  "level" : 2,
  "priority" : 10,
  "index" : 0
}, {
  "id" : "8293a4b5-c6d7-e8f9-0a1b-2c3d4e5f6071",
  "requirement" : "ALTERNATIVE",
  "displayName" : "Organization Identity-First Login",
  "requirementChoices" : [ "REQUIRED", "ALTERNATIVE", "DISABLED" ],
  "configurable" : true,
  "providerId" : "organization",
  "level" : 2,
  "priority" : 20,
  "index" : 1
}, {
  "id" : "93a4b5c6-d7e8-f90a-1b2c-3d4e5f607182",
  "requirement" : "ALTERNATIVE",
  "displayName" : "forms",
  "description" : "Username, password, otp and other auth forms.",
  "requirementChoices" : [ "REQUIRED", "ALTERNATIVE", "DISABLED", "CONDITIONAL" ],
  "configurable" : false,
  "authenticationFlow" : true,
  "flowId" : "a4b5c6d7-e8f9-0a1b-2c3d-4e5f60718293",
  "level" : 0,
  "priority" : 30,
  "index" : 4
}, {
  "id" : "b5c6d7e8-f90a-1b2c-3d4e-5f60718293a4",
  "requirement" : "REQUIRED",
  "displayName" : "Username Password Form",
  "requirementChoices" : [ "REQUIRED" ],
  "configurable" : false,
  "providerId" : "auth-username-password-form",
  "level" : 1,
  "priority" : 10,
  "index" : 5
}, {
  "id" : "c6d7e8f9-0a1b-2c3d-4e5f-60718293a4b5",
  "requirement" : "CONDITIONAL",
  "displayName" : "Browser - Conditional OTP",
  "description" : "Flow to determine if the OTP is required for the authentication",
  "requirementChoices" : [ "REQUIRED", "ALTERNATIVE", "DISABLED", "CONDITIONAL" ],
  "configurable" : false,
  "authenticationFlow" : true,
  "flowId" : "d7e8f90a-1b2c-3d4e-5f60-718293a4b5c6",
  "level" : 1,
  "priority" : 20,
  "index" : 6
}, {
  "id" : "d7e8f90a-1b2c-3d4e-5f60-718293a4b5c6",
  "requirement" : "REQUIRED",
  "displayName" : "Condition - user configured",
  "requirementChoices" : [ "REQUIRED", "DISABLED" ],
  "configurable" : true,
  "providerId" : "conditional-user-configured",
  "level" : 2,
  "priority" : 10,
  "index" : 7
}, {
  "id" : "e8f90a1b-2c3d-4e5f-6071-8293a4b5c6d7",
  "requirement" : "ALTERNATIVE",
  "displayName" : "OTP Form",
  "requirementChoices" : [ "REQUIRED", "ALTERNATIVE", "DISABLED" ],
  "configurable" : false,
  "providerId" : "auth-otp-form",
  "level" : 2,
  "priority" : 20,
  "index" : 8
}, {
  "id" : "f90a1b2c-3d4e-5f60-7182-93a4b5c6d7e8",
  "requirement" : "ALTERNATIVE",
  "displayName" : "WebAuthn Authenticator",
  "requirementChoices" : [ "REQUIRED", "ALTERNATIVE", "DISABLED" ],
  "configurable" : false,
  "providerId" : "webauthn-authenticator",
  "level" : 2,
  "priority" : 30,
  "index" : 9
}, {
  "id" : "0a1b2c3d-4e5f-6071-8293-a4b5c6d7e8fa",
  "requirement" : "ALTERNATIVE",
  "displayName" : "Recovery Authentication Code Form",
  "requirementChoices" : [ "REQUIRED", "ALTERNATIVE", "DISABLED" ],
  "configurable" : false,
  "providerId" : "auth-recovery-authn-code-form",
  "level" : 2,
  "priority" : 40,
  "index" : 10
} ]
